../Core/Src/main.c:91:6:microDelay	16	static
../Core/Src/main.c:98:9:DHT11_Start	32	static
../Core/Src/main.c:129:9:DHT11_Read	16	static
../Core/Src/main.c:161:5:main	96	static
../Core/Src/main.c:297:6:SystemClock_Config	88	static
../Core/Src/main.c:345:13:MX_TIM1_Init	32	static
../Core/Src/main.c:391:13:MX_UART4_Init	8	static
../Core/Src/main.c:424:13:MX_USART2_UART_Init	8	static
../Core/Src/main.c:457:13:MX_GPIO_Init	40	static
../Core/Src/main.c:504:6:UART_SendString	16	static
../Core/Src/main.c:505:6:Update_RGB_LED	24	static
../Core/Src/main.c:523:6:Error_Handler	4	static,ignoring_inline_asm
