../Core/Src/main.c:16:6:HAL_UART_RxCpltCallback	16	static
../Core/Src/main.c:34:6:microDelay	16	static
../Core/Src/main.c:40:9:DHT11_Start	32	static
../Core/Src/main.c:69:9:DHT11_Read	16	static
../Core/Src/main.c:96:5:main	512	static
../Core/Src/main.c:180:6:SystemClock_Config	88	static
../Core/Src/main.c:198:13:MX_UART4_Init	8	static
../Core/Src/main.c:210:13:MX_GPIO_Init	24	static
../Core/Src/main.c:254:6:UART_SendString	16	static
../Core/Src/main.c:256:6:Error_Handler	4	static,ignoring_inline_asm
